// Jest Snapshot v1, https://goo.gl/fbAQLP

exports[`Calculator's buttons display correctly 1`] = `
<button
  className="calc-btn "
  onClick={[Function]}
  type="button"
/>
`;
